// Jest Snapshot v1, https://goo.gl/fbAQLP

exports[`Custom Hook Testing Snapshot practice 1`] = `
<View
  style={
    {
      "backgroundColor": "#FFF",
    }
  }
>
  <View
    style={
      {
        "alignItems": "center",
        "padding": 24,
      }
    }
  >
    <Text
      accessibilityRole="header"
      style={
        {
          "color": "#000",
          "fontSize": 24,
          "fontWeight": "600",
        }
      }
    >
      Current count: 
      0
    </Text>
    <View
      accessibilityRole="button"
      accessibilityState={
        {
          "busy": undefined,
          "checked": undefined,
          "disabled": undefined,
          "expanded": undefined,
          "selected": undefined,
        }
      }
      accessibilityValue={
        {
          "max": undefined,
          "min": undefined,
          "now": undefined,
          "text": undefined,
        }
      }
      accessible={true}
      collapsable={false}
      focusable={true}
      onBlur={[Function]}
      onClick={[Function]}
      onFocus={[Function]}
      onResponderGrant={[Function]}
      onResponderMove={[Function]}
      onResponderRelease={[Function]}
      onResponderTerminate={[Function]}
      onResponderTerminationRequest={[Function]}
      onStartShouldSetResponder={[Function]}
      style={
        {
          "alignItems": "center",
          "backgroundColor": "#9e9ef8",
          "borderRadius": 12,
          "justifyContent": "center",
          "margin": 6,
          "padding": 6,
        }
      }
    >
      <Text
        testID="decrement"
      >
        Decrement
      </Text>
    </View>
    <View
      accessibilityRole="button"
      accessibilityState={
        {
          "busy": undefined,
          "checked": undefined,
          "disabled": undefined,
          "expanded": undefined,
          "selected": undefined,
        }
      }
      accessibilityValue={
        {
          "max": undefined,
          "min": undefined,
          "now": undefined,
          "text": undefined,
        }
      }
      accessible={true}
      collapsable={false}
      focusable={true}
      onBlur={[Function]}
      onClick={[Function]}
      onFocus={[Function]}
      onResponderGrant={[Function]}
      onResponderMove={[Function]}
      onResponderRelease={[Function]}
      onResponderTerminate={[Function]}
      onResponderTerminationRequest={[Function]}
      onStartShouldSetResponder={[Function]}
      style={
        {
          "alignItems": "center",
          "backgroundColor": "#9e9ef8",
          "borderRadius": 12,
          "justifyContent": "center",
          "margin": 6,
          "padding": 6,
        }
      }
    >
      <Text
        testID="increment"
      >
        Increment
      </Text>
    </View>
  </View>
</View>
`;
